; Copyright 2023 Paul Maddern (paul@arcadegeek.co.uk)

[Graphics:Cave Door Frame]
#UDGTABLE(default,centre,centre,centre,centre,centre,centre)
  { =h,c2 Frame 1 | =h,c2 Frame 2 | =h,c2 Frame 3 }
  { #N$01 | #GRAPHIC$01(testing-01) | #N$02 | #GRAPHIC$02(testing-02) | #N$03 | #GRAPHIC$03(testing-03) }
  { #N$04 | #GRAPHIC$04(testing-04) | #N$05 | #GRAPHIC$05(testing-05) | #N$06 | #GRAPHIC$06(testing-06) }
UDGTABLE#
