; Copyright 2021 Paul Maddern (paul@arcadegeek.co.uk)

[Page:Changelog]
SectionType=BulletPoints

[Changelog:20200531]
- First draft created in SkoolKit 8.1.

[Changelog:20210928]
- Updated to SkoolKit 8.5.

[Changelog:20211115]
- Updated to SkoolKit 8.6.
- Added controls.
- Updated game variables/ flags.
- Various tweaks from old->new disassembly.

[Changelog:20220705]
-

- Updates to Skoolkit path mechanism.
