;
; SkoolKit ref file for Jet Pac
;
; To build the HTML disassembly, run these commands:
;   tap2sna.py @jetpac.t2s
;   sna2skool.py -H -c sources/jetpac/jetpac.ctl jetpac.z80 > sources/jetpac/jetpac.skool
;   skool2html.py -H sources/jetpac/jetpac.skool -T dark

[Config]
Expand=#INCLUDE(Expand)
RefFiles=../analytics.ref;../bases.ref;changelog.ref;jetpacGraphics.ref;pokes.ref
HtmlWriterClass=sources:linking.UltimateHtmlWriter
GameDir=ultimate/jetpac

[Game]
Game=Jetpac
Logo=#SCR1,2,1,27,5(/images/logo)
Copyright=&copy; 1983 Ultimate Play the Game &copy; 2023 ArcadeGeek LTD.
Repository=https://github.com/pobtastic/ultimate/tree/main/sources/jetpac/
StyleSheet=skoolkit.css;skoolkit-dark.css;jetpac.css

[PageHeaders]
GameIndex=The complete<>RAM disassembly (work in progress)

[Index]
MemoryMaps
Graphics
DataTables
Reference

[Index:Reference:Reference]
Changelog
Bugs
Pokes
Credits

[Index:Graphics:Graphics]
Jetman
Ships
Aliens
Items
Platforms

[Links]
Jetman=[Jetman]
Ships=[Ships]
Aliens=[Aliens]
Items=[Items]
Platforms=[Platforms]

[Paths]
Credits=reference/credits.html
Aliens=graphics/aliens.html
Items=graphics/items.html
Jetman=graphics/jetman.html
Platforms=graphics/platforms.html
Ships=graphics/ships.html

[Page:Aliens]
SectionPrefix=Aliens

[Page:Items]
SectionPrefix=Items

[Page:Jetman]
SectionPrefix=Jetman

[Page:Platforms]
PageContent=#INCLUDE(PageContent:Platforms)

[Page:Ships]
PageContent=#INCLUDE(PageContent:Ships)

[Expand]
#DEF(#SHIP()(fname)
  #UDGARRAY#($02,attr=$07,scale=$04,step=$02,flip=2#FOR($03,$49,$23)(n,;(#PC + n)-(#PC + n + $11)-$01-$10))($fname)
)

#DEF(#NOCROP(addr,size,attr)(fname) #UDGARRAY($size,attr=$attr,scale=4,step=$size,mask=1,flip=2);($addr)-($addr + ({height} * $size) - $size)-$01-($size * $08)($fname))

#DEF(#CROP(addr,size,attr)(fname) #UDGARRAY($size,attr=$attr,scale=4,step=$size,mask=1,flip=2);($addr)-($addr + ({height} * $size) - $size)-$01-($size * $08){$00, $04 * ($08 - ({height} % $08)), $04 * $size * $08, $04 * {height}}($fname))

#DEF(#SPRITE(id,base=$6945,attribute=$07)(fname)
  #LET(offset=$id * $02)
  #LET(addr=#PEEK($base + {offset}) + #PEEK($base + {offset} + $01) * $100)
  #LET(height=#PEEK({addr}))#IF({height} % $08)(#CROP({addr} + $01, $02, $attribute)($fname),#NOCROP({addr} + $01, $02, $attribute)($fname)))

#DEF(#GRAPHIC(id,base=$76FA,attribute=$07)(fname)
  #LET(offset=$id * $02)
  #LET(addr=#PEEK($base + {offset}) + #PEEK($base + {offset} + $01) * $100)
  #LET(width=#PEEK({addr} + $01))
  #LET(height=#PEEK({addr} + $02))
  #IF({height} % $08)(
    #CROP({addr} + $03, {width}, $attribute)($fname),
    #NOCROP({addr} + $03, {width}, $attribute)($fname)
  )
)

#DEF(#JETMAN(id)(fname)
  #GRAPHIC($id,$76FA)($fname)
)

#DEF(#JETMANNAME(id)
  #MAP($id)(
    ?,
    0:"Flying Frame Right 1",
    1:"Flying Frame Right 2",
    2:"Flying Frame Right 3",
    3:"Flying Frame Right 4",
    4:"Flying Frame Left 4",
    5:"Flying Frame Left 3",
    6:"Flying Frame Left 2",
    7:"Flying Frame Left 1",
    8:"Walking Frame Right 1",
    9:"Walking Frame Right 2",
    10:"Walking Frame Right 3",
    11:"Walking Frame Right 4",
    12:"Walking Frame Left 4",
    13:"Walking Frame Left 3",
    14:"Walking Frame Left 2",
    15:"Walking Frame Left 1"
  )
)

#DEF(#ALIEN(id,attribute=$07)(fname)
  #SPRITE($id,$6945,$attribute)($fname)
)

#DEF(#ALIENNAME(id)
  #MAP($id)(
    ?,
    0:"Round 1: Meteor Frame 1",
    1:"Round 1: Meteor Frame 2",
    2:"Round 2: Tribble Alien Frame 1",
    3:"Round 2: Tribble Alien Frame 2",
    4:"Round 3: Bubble Alien Frame 1",
    5:"Round 3: Bubble Alien Frame 2",
    6:"Round 4: Jet Fighter",
    7:"Round 4: Jet Fighter",
    8:"Round 5: UFO",
    9:"Round 5: UFO",
    10:"Round 6: Cross Ship",
    11:"Round 6: Cross Ship",
    12:"Round 7: Slick Ship",
    13:"Round 7: Slick Ship",
    14:"Round 8: Frog Alien",
    15:"Round 8: Frog Alien"
  )
)

#DEF(#EXPLOSION(id)(fname)
  #GRAPHIC($id,$690F)($fname)
)

#DEF(#EXPLOSIONNAME(id)
  #MAP($id)(
    ?,
    0:"Small Explosion",
    1:"Medium Explosion",
    2:"Large Explosion",
    3:"Small Explosion",
    4:"Medium Explosion",
    5:"Large Explosion"
  )
)

#DEF(#COLLECTABLE(id,attribute=$07)(fname)
  #GRAPHIC($id,$67C3,$attribute)($fname)
)

#DEF(#COLLECTABLENAME(id)
  #MAP($id)(
    ?,
    0:"Ship U1: Bottom",
    1:"Ship U2: Bottom",
    2:"Ship U3: Bottom",
    3:"Ship U4: Bottom",
    4:"Ship U1: Middle",
    5:"Ship U2: Middle",
    6:"Ship U3: Middle",
    7:"Ship U4: Middle",
    8:"Ship U1: Top",
    9:"Ship U2: Top",
    10:"Ship U3: Top",
    11:"Ship U4: Top",
    12:"Fuel Pod",
    13:"Fuel Pod",
    14:"Fuel Pod",
    15:"Fuel Pod",
    16:"Gold Bar",
    17:"Plutonium",
    18:"Isotope",
    19:"Mineral",
    20:"Gemstone"
  )
)
