[Jetman:Flying (right)]
#UDGTABLE { =h Frame 1 | =h Frame 2 | =h Frame 3 | =h Frame 4 }
{
  #JETMAN$00(fly-r-1) |
  #JETMAN$01(fly-r-2) |
  #JETMAN$02(fly-r-3) |
  #JETMAN$03(fly-r-4)
}
UDGTABLE#

[Jetman:Flying (left)]
#UDGTABLE { =h Frame 1 | =h Frame 2 | =h Frame 3 | =h Frame 4 }
{
  #JETMAN$07(fly-l-1) |
  #JETMAN$06(fly-l-2) |
  #JETMAN$05(fly-l-3) |
  #JETMAN$04(fly-l-4)
}
UDGTABLE#

[Jetman:Walking (left)]
#UDGTABLE { =h Frame 1 | =h Frame 2 | =h Frame 3 | =h Frame 4 }
{
  #JETMAN$0F(wlk-l-1) |
  #JETMAN$0E(wlk-l-2) |
  #JETMAN$0D(wlk-l-3) |
  #JETMAN$0C(wlk-l-4)
}
UDGTABLE#

[Jetman:Walking (right)]
#UDGTABLE { =h Frame 1 | =h Frame 2 | =h Frame 3 | =h Frame 4 }
{
  #JETMAN$08(wlk-r-1) |
  #JETMAN$09(wlk-r-2) |
  #JETMAN$0A(wlk-r-3) |
  #JETMAN$0B(wlk-r-4)
}
UDGTABLE#

[PageContent:Ships]
#UDGTABLE(ships,centre,centre,centre,centre) { =h Frame 1 | =h Frame 2 | =h Frame 3 | =h Frame 4 }
{
  #UDGARRAY#($02,attr=$07,scale=$04,step=$02,flip=2#FOR($03,$49,$23)(n,;($7CCE+n)-($7CCE+n+$11)-$01-$10))(ship-u1-flame)  |
  #UDGARRAY#($02,attr=$07,scale=$04,step=$02,flip=2#FOR($03,$49,$23)(n,;($7D37+n)-($7D37+n+$11)-$01-$10))(ship-u2-flame)  |
  #UDGARRAY#($02,attr=$07,scale=$04,step=$02,flip=2#FOR($03,$49,$23)(n,;($7C65+n)-($7C65+n+$11)-$01-$10))(ship-u3-flame)  |
  #UDGARRAY#($02,attr=$07,scale=$04,step=$02,flip=2#FOR($03,$49,$23)(n,;($7DA0+n)-($7DA0+n+$11)-$01-$10))(ship-u4-flame)
}
{
  #UDGARRAY*flame-1,50;flame-2(frame-frames)  |
  #UDGARRAY*flame-1,50;flame-2(frame-frames)  |
  #UDGARRAY*flame-1,50;flame-2(frame-frames)  |
  #UDGARRAY*flame-1,50;flame-2(frame-frames)
}
UDGTABLE#

[Aliens:Round 1]
#UDGTABLE(aliens) { =h Frame 1 | =h Frame 2 | =h Animation }
{ #ALIEN$00(round-1-1*) |
  #ALIEN$01(round-1-2*) |
  =r2 #UDGARRAY*round-1-1,50;round-1-2(round-1-frames) }
{ <dl>
  <dt>Dimensions:</dt>
  <dd>Width = #N$02 bytes</dd>
  <dd>Height = #N(#PEEK($7B9E)) pixels</dd>
</dl> |
<dl>
  <dt>Dimensions:</dt>
  <dd>Width = #N$02 bytes</dd>
  <dd>Height = #N(#PEEK($7BB5)) pixels</dd>
</dl> }
UDGTABLE#

[Aliens:Round 2]
#UDGTABLE(aliens) { =h Frame 1 | =h Frame 2 | =h Animation }
{ #ALIEN$02(round-2-1*) |
  #ALIEN$03(round-2-2*) |
  =r2 #UDGARRAY*round-2-1,50;round-2-2(round-2-frames) }
{ <dl>
  <dt>Dimensions:</dt>
  <dd>Width = #N$02 bytes</dd>
  <dd>Height = #N(#PEEK($7E9B)) pixels</dd>
</dl> |
<dl>
  <dt>Dimensions:</dt>
  <dd>Width = #N$02 bytes</dd>
  <dd>Height = #N(#PEEK($7EB8)) pixels</dd>
</dl> }
UDGTABLE#

[Aliens:Round 3]
#UDGTABLE(aliens) { =h Frame 1 | =h Frame 2 | =h Animation }
{ #ALIEN$04(round-3-1*) |
  #ALIEN$05(round-3-2*) |
  =r2 #UDGARRAY*round-3-1,50;round-3-2(round-3-frames) }
{ <dl>
  <dt>Dimensions:</dt>
  <dd>Width = #N$02 bytes</dd>
  <dd>Height = #N(#PEEK($7EF5)) pixels</dd>
</dl> |
<dl>
  <dt>Dimensions:</dt>
  <dd>Width = #N$02 bytes</dd>
  <dd>Height = #N(#PEEK($7F16)) pixels</dd>
</dl> }
UDGTABLE#

[Aliens:Round 4]
#UDGTABLE(aliens) { =h Frame 1 | =h Animation }
{ #ALIEN$06(round-4-1) | =r2 N/A }
{ <dl>
  <dt>Dimensions:</dt>
  <dd>Width = #N$02 bytes</dd>
  <dd>Height = #N(#PEEK($7ED5)) pixels</dd>
</dl> }
UDGTABLE#

[Aliens:Round 5]
#UDGTABLE(aliens) { =h Frame 1 | =h Animation }
{ #ALIEN$08(round-5-1) | =r2 N/A }
{ <dl>
  <dt>Dimensions:</dt>
  <dd>Width = #N$02 bytes</dd>
  <dd>Height = #N(#PEEK($7EE4)) pixels</dd>
</dl> }
UDGTABLE#

[Aliens:Round 6]
#UDGTABLE(aliens) { =h Frame 1 | =h Animation }
{ #ALIEN$0A(round-6-1) | =r2 N/A }
{ <dl>
  <dt>Dimensions:</dt>
  <dd>Width = #N$02 bytes</dd>
  <dd>Height = #N(#PEEK($7F33)) pixels</dd>
</dl> }
UDGTABLE#

[Aliens:Round 7]
#UDGTABLE(aliens) { =h Frame 1 | =h Animation }
{ #ALIEN$0C(round-7-1) | =r2 N/A }
{ <dl>
  <dt>Dimensions:</dt>
  <dd>Width = #N$02 bytes</dd>
  <dd>Height = #N(#PEEK($7F52)) pixels</dd>
</dl> }
UDGTABLE#

[Aliens:Round 8]
#UDGTABLE(aliens) { =h Frame 1 | =h Animation }
{ #ALIEN$0E(round-8-1) | =r2 N/A }
{ <dl>
  <dt>Dimensions:</dt>
  <dd>Width = #N$02 bytes</dd>
  <dd>Height = #N(#PEEK($7F6F)) pixels</dd>
</dl> }
UDGTABLE#

[Items:Fuel Pod]
#UDGTABLE(default,centre,centre)
  { #N$0F | #COLLECTABLE$0F,$03(fuel-colour) }
UDGTABLE#

[Items:Gold Bar]
#UDGTABLE(default,centre,centre)
  { #N$10 | #COLLECTABLE$10,$06(gold-bar-colour) }
UDGTABLE#

[Items:Plutonium]
#UDGTABLE(default,centre,centre)
  { #N$11 | #COLLECTABLE$11,$05(plutonium-colour) }
UDGTABLE#

[Items:Isotope]
#UDGTABLE(default,centre,centre)
  { #N$12 | #COLLECTABLE$12,$05(isotope-colour) }
UDGTABLE#

[Items:Mineral]
#UDGTABLE(default,centre,centre)
  { #N$13 | #COLLECTABLE$13,$03(mineral-colour) }
UDGTABLE#

[Items:Gemstone]
#UDGTABLE(default,centre,centre)
  { #N$14 | #COLLECTABLE$14,$03(gemstone-colour) }
UDGTABLE#

[PageContent:Platforms]
<p>The graphics for the platforms are held at #R$76E2, #R$76EA and #R$76F2.</p>
<p>They are simple 8x8 pixel sized character blocks, consisting simply of a left piece, a middle piece, and an end piece.
<br>These are repeated patterns for both the platforms and the planets surface.
</p>
#UDGTABLE(platforms)
{ #UDGARRAY$06,attr=$04,scale=$04;$76E2;($76E2+$08)x$04;($76E2+$10)(platform) }
{ #SPACE(1) }
{ #SPACE(1) }
{ #SPACE(1) }
{ #UDGARRAY$06,attr=$06,scale=$04;$76E2;($76E2+$08)x$02;($76E2+$10)(floor) }
UDGTABLE#
