[Jetman:Flying (right)]
TABLE { =h Frame 1 | =h Frame 2 | =h Frame 3 | =h Frame 4 }
{
  UDGARRAY2,attr=7,scale=4,step=2,flip=2;($7799)-($7799+$21)-$01-$10(fly-r-1) |
  UDGARRAY3,attr=7,scale=4,step=3,flip=2;($77CC)-($77CC+$32)-$01-$18(fly-r-2) |
  UDGARRAY3,attr=7,scale=4,step=3,flip=2;($7817)-($7817+$32)-$01-$18(fly-r-3) |
  UDGARRAY3,attr=7,scale=4,step=3,flip=2;($7862)-($7862+$32)-$01-$18(fly-r-4)
}
TABLE

[Jetman:Flying (left)]
TABLE { =h Frame 1 | =h Frame 2 | =h Frame 3 | =h Frame 4 }
{
  UDGARRAY2,attr=7,scale=4,step=2,flip=2;($78AD)-($78AD+$21)-$01-$10(fly-l-1) |
  UDGARRAY2,attr=7,scale=4,step=2,flip=2;($78E0)-($78E0+$21)-$01-$10(fly-l-2) |
  UDGARRAY3,attr=7,scale=4,step=3,flip=2;($7913)-($7913+$32)-$01-$18(fly-l-3) |
  UDGARRAY3,attr=7,scale=4,step=3,flip=2;($795E)-($795E+$32)-$01-$18(fly-l-4)
}
TABLE

[Jetman:Walking (left)]
TABLE { =h Frame 1 | =h Frame 2 | =h Frame 3 | =h Frame 4 }
{
  UDGARRAY2,attr=7,scale=4,step=2,flip=2;($79A9)-($79A9+$21)-$01-$10(wlk-l-1) |
  UDGARRAY2,attr=7,scale=4,step=2,flip=2;($79DC)-($79DC+$21)-$01-$10(wlk-l-2) |
  UDGARRAY3,attr=7,scale=4,step=3,flip=2;($7A0F)-($7A0F+$32)-$01-$18(wlk-l-3) |
  UDGARRAY3,attr=7,scale=4,step=3,flip=2;($7A5A)-($7A5A+$32)-$01-$18(wlk-l-4)
}
TABLE

[Jetman:Walking (right)]
TABLE { =h Frame 1 | =h Frame 2 | =h Frame 3 | =h Frame 4 }
{
  UDGARRAY2,attr=7,scale=4,step=2,flip=2;($7AA5)-($7AA5+$21)-$01-$10(wlk-r-1) |
  UDGARRAY2,attr=7,scale=4,step=2,flip=2;($7AD8)-($7AD8+$21)-$01-$10(wlk-r-2) |
  UDGARRAY3,attr=7,scale=4,step=3,flip=2;($7B0B)-($7B0B+$32)-$01-$18(wlk-r-3) |
  UDGARRAY3,attr=7,scale=4,step=3,flip=2;($7B56)-($7B56+$32)-$01-$18(wlk-r-4)
}
TABLE

[PageContent:Ships]
TABLE { =h Frame 1 | =h Frame 2 | =h Frame 3 | =h Frame 4 }
{
  UDGARRAY(2,attr=7,scale=4,step=2,flip=2FOR($03,$49,$23)(n,;($7CCE+n)-($7CCE+n+$11)-$01-$10))(ship-u1-flame)  |
  UDGARRAY(2,attr=7,scale=4,step=2,flip=2FOR($03,$49,$23)(n,;($7D37+n)-($7D37+n+$11)-$01-$10))(ship-u2-flame)  |
  UDGARRAY(2,attr=7,scale=4,step=2,flip=2FOR($03,$49,$23)(n,;($7C65+n)-($7C65+n+$11)-$01-$10))(ship-u3-flame)  |
  UDGARRAY(2,attr=7,scale=4,step=2,flip=2FOR($03,$49,$23)(n,;($7DA0+n)-($7DA0+n+$11)-$01-$10))(ship-u4-flame)
}
{
  UDGARRAY*flame-1,50;flame-2(frame-frames)  |
  UDGARRAY*flame-1,50;flame-2(frame-frames)  |
  UDGARRAY*flame-1,50;flame-2(frame-frames)  |
  UDGARRAY*flame-1,50;flame-2(frame-frames)
}
TABLE

[Aliens:Round 1]
TABLE(aliens) { =h Frame 1 | =h Frame 2 | =h Animation }
{ UDGARRAY2,attr=3,scale=4,step=2,flip=2;($7B9F)-($7B9F+$11)-$01-$10{0,($10-PEEK($7B9F-1))*4,$10*4,PEEK($7B9F-1)*4}(round-1-1) |
  UDGARRAY2,attr=3,scale=4,step=2,flip=2;($7BB6)-($7BB6+$11)-$01-$10{0,($10-PEEK($7BB6-1))*4,$10*4,PEEK($7BB6-1)*4}(round-1-2) |
  =r2 UDGARRAY*round-1-1,50;round-1-2(round-1-frames) }
{ <dl>
  <dt>Dimensions:</dt>
  <dd>width = 2 bytes</dd>
  <dd>height = PEEK($7B9E) pixels</dd>
</dl> |
<dl>
  <dt>Dimensions:</dt>
  <dd>width = 2 bytes</dd>
  <dd>height = PEEK($7BB5) pixels</dd>
</dl> }
TABLE

[Aliens:Round 2]
TABLE(aliens) { =h Frame 1 | =h Frame 2 | =h Animation }
{ UDGARRAY2,attr=3,scale=4,step=2,flip=2;($7E9C)-($7E9C+$11)-$01-$10{0,($10-PEEK($7E9C-1))*4,$10*4,PEEK($7E9C-1)*4}(round-2-1) |
  UDGARRAY2,attr=3,scale=4,step=2,flip=2;($7EB9)-($7EB9+$11)-$01-$10{0,($10-PEEK($7EB9-1))*4,$10*4,PEEK($7EB9-1)*4}(round-2-2) |
  =r2 UDGARRAY*round-2-1,50;round-2-2(round-2-frames) }
{ <dl>
  <dt>Dimensions:</dt>
  <dd>width = 2 bytes</dd>
  <dd>height = PEEK($7E9B) pixels</dd>
</dl> |
<dl>
  <dt>Dimensions:</dt>
  <dd>width = 2 bytes</dd>
  <dd>height = PEEK($7EB8) pixels</dd>
</dl> }
TABLE

[Aliens:Round 3]
TABLE(aliens) { =h Frame 1 | =h Frame 2 | =h Animation }
{ UDGARRAY2,attr=3,scale=4,step=2,flip=2;($7EF6)-($7EF6+$11)-$01-$10{0,($10-PEEK($7EF6-1))*4,$10*4,PEEK($7EF6-1)*4}(round-3-1) |
  UDGARRAY2,attr=3,scale=4,step=2,flip=2;($7F17)-($7F17+$11)-$01-$10{0,($10-PEEK($7F17-1))*4,$10*4,PEEK($7F17-1)*4}(round-3-2) |
  =r2 UDGARRAY*round-3-1,50;round-3-2(round-3-frames) }
{ <dl>
  <dt>Dimensions:</dt>
  <dd>width = 2 bytes</dd>
  <dd>height = PEEK($7EF5) pixels</dd>
</dl> |
<dl>
  <dt>Dimensions:</dt>
  <dd>width = 2 bytes</dd>
  <dd>height = PEEK($7F16) pixels</dd>
</dl> }
TABLE

[Aliens:Round 4]
TABLE(aliens) { =h Frame 1 | =h Animation }
{ UDGARRAY2,attr=7,scale=4,step=2,flip=2;$7ED6-($7ED6+$11)-$01-$10{0,($10-PEEK($7ED6-1))*4,$10*4,PEEK($7ED6-1)*4}(round-4-1) | =r2 N/A }
{ <dl>
  <dt>Dimensions:</dt>
  <dd>width = 2 bytes</dd>
  <dd>height = PEEK($7ED5) pixels</dd>
</dl> }
TABLE

[Aliens:Round 5]
TABLE(aliens) { =h Frame 1 | =h Animation }
{ UDGARRAY2,attr=4,scale=4,step=2,flip=2;$7EE5-($7EE5+$11)-$01-$10{0,($10-PEEK($7EE5-1))*4,$10*4,PEEK($7EE5-1)*4}(round-5-1) | =r2 N/A }
{ <dl>
  <dt>Dimensions:</dt>
  <dd>width = 2 bytes</dd>
  <dd>height = PEEK($7EE4) pixels</dd>
</dl> }
TABLE

[Aliens:Round 6]
TABLE(aliens) { =h Frame 1 | =h Animation }
{ UDGARRAY2,attr=5,scale=4,step=2,flip=2;$7F34-($7F34+$11)-$01-$10{0,($10-PEEK($7F34-1))*4,$10*4,PEEK($7F34-1)*4}(round-6-1) | =r2 N/A }
{ <dl>
  <dt>Dimensions:</dt>
  <dd>width = 2 bytes</dd>
  <dd>height = PEEK($7F33) pixels</dd>
</dl> }
TABLE

[Aliens:Round 7]
TABLE(aliens) { =h Frame 1 | =h Animation }
{ UDGARRAY2,attr=2,scale=4,step=2,flip=2;$7F53-($7F53+$11)-$01-$10{0,($10-PEEK($7F53-1))*4,$10*4,PEEK($7F53-1)*4}(round-7-1) | =r2 N/A }
{ <dl>
  <dt>Dimensions:</dt>
  <dd>width = 2 bytes</dd>
  <dd>height = PEEK($7F52) pixels</dd>
</dl> }
TABLE

[Aliens:Round 8]
TABLE(aliens) { =h Frame 1 | =h Animation }
{ UDGARRAY2,attr=3,scale=4,step=2,flip=2;$7F70-($7F70+$11)-$01-$10{0,($10-PEEK($7F70-1))*4,$10*4,PEEK($7F70-1)*4}(round-8-1) | =r2 N/A }
{ <dl>
  <dt>Dimensions:</dt>
  <dd>width = 2 bytes</dd>
  <dd>height = PEEK($7F6F) pixels</dd>
</dl> }
TABLE

[Items:Fuel Pod]
TABLE(items,centre) { =h Image | =h Dimensions }
{ UDGARRAY2,attr=6,scale=4,step=2,flip=2;($7E1F)-($7E1F+$01)(item-2) |
<dl>
  <dt>Dimensions:</dt>
  <dd>width = PEEK($7E1D) bytes</dd>
  <dd>height = PEEK($7E1E) pixels</dd>
</dl> }
TABLE

[Items:Gold Bar]
TABLE(items,centre) { =h Image | =h Dimensions }
{ UDGARRAY2,attr=6,scale=4,step=2,flip=2;($7E0C)-($7E0C+$01)(item-1) |
<dl>
  <dt>Dimensions:</dt>
  <dd>width = PEEK($7E0A) bytes</dd>
  <dd>height = PEEK($7E0B) pixels</dd>
</dl> }
TABLE

[Items:Gemstone]
TABLE(items,centre) { =h Image | =h Dimensions }
{ UDGARRAY2,attr=6,scale=4,step=2,flip=2;($7E83)-($7E83+$01)(item-6) |
<dl>
  <dt>Dimensions:</dt>
  <dd>width = PEEK($7E81) bytes</dd>
  <dd>height = PEEK($7E82) pixels</dd>
</dl> }
TABLE

[Items:Isotope]
TABLE(items,centre) { =h Image | =h Dimensions }
{ UDGARRAY2,attr=6,scale=4,step=2,flip=2;($7E51)-($7E51+$01)(item-4) |
<dl>
  <dt>Dimensions:</dt>
  <dd>width = PEEK($7E4F) bytes</dd>
  <dd>height = PEEK($7E50) pixels</dd>
</dl> }
TABLE

[Items:Mineral]
TABLE(items,centre) { =h Image | =h Dimensions }
{ UDGARRAY2,attr=6,scale=4,step=2,flip=2;($7E6E)-($7E6E+$01)(item-5) |
<dl>
  <dt>Dimensions:</dt>
  <dd>width = PEEK($7E6C) bytes</dd>
  <dd>height = PEEK($7E6D) pixels</dd>
</dl> }
TABLE

[Items:Plutonium]
TABLE(items,centre) { =h Image | =h Dimensions }
{ UDGARRAY2,attr=6,scale=4,step=2,flip=2;($7E38)-($7E38+$01)(item-3) |
<dl>
  <dt>Dimensions:</dt>
  <dd>width = PEEK($7E36) bytes</dd>
  <dd>height = PEEK($7E37) pixels</dd>
</dl> }
TABLE

[PageContent:Platforms]
<p>The graphics for the platforms are held at R$76E2, R$76EA and R$76F2.</p>
<p>They are simple 8x8 pixel sized character blocks, consisting simply of a left piece, a middle piece, and an end piece.
<br>These are repeated patterns for both the platforms and the planets surface.
</p>
TABLE(platforms)
{ UDGARRAY6,attr=4,scale=4;$76E2;($76E2+$08)x4;($76E2+$10)(platform) }
{ SPACE(1) }
{ SPACE(1) }
{ SPACE(1) }
{ UDGARRAY6,attr=6,scale=4;$76E2;($76E2+$08)x2;($76E2+$10)(floor) }
TABLE
